// Jest Snapshot v1, https://goo.gl/fbAQLP

exports[`Contact should render 1`] = `
<body>
  <div>
    <section
      class="section"
      id="contact"
    >
      <h3
        class="headline"
      >
        Still have a question
        <span
          class="primary"
        >
          ?
        </span>
         Reach me out
      </h3>
      <form
        action="#"
        class="contact-form"
      >
        <div
          class="form-field"
        >
          <div
            class="form-field-label"
          >
            <label
              for="name"
            >
              name
              <span
                class="primary"
              >
                *
              </span>
            </label>
          </div>
          <input
            aria-label="name"
            class=""
            maxlength="50"
            name="name"
            placeholder="Enter your name"
            value=""
          />
          <div
            class="form-field-length-indicator"
          >
            <span
              class=""
            >
              0
            </span>
             
            / 
            <span>
              50
            </span>
          </div>
        </div>
        <div
          class="form-field"
        >
          <div
            class="form-field-label"
          >
            <label
              for="email"
            >
              email
              <span
                class="primary"
              >
                *
              </span>
            </label>
          </div>
          <input
            aria-label="email"
            class=""
            maxlength="100"
            name="email"
            placeholder="Enter your email"
            value=""
          />
          <div
            class="form-field-length-indicator"
          >
            <span
              class=""
            >
              0
            </span>
             
            / 
            <span>
              100
            </span>
          </div>
        </div>
        <div
          class="form-field"
        >
          <div
            class="form-field-label"
          >
            <label
              for="subject"
            >
              subject
              <span
                class="primary"
              >
                *
              </span>
            </label>
          </div>
          <input
            aria-label="subject"
            class=""
            maxlength="100"
            name="subject"
            placeholder="Enter your subject"
            value=""
          />
          <div
            class="form-field-length-indicator"
          >
            <span
              class=""
            >
              0
            </span>
             
            / 
            <span>
              100
            </span>
          </div>
        </div>
        <div
          class="form-field"
        >
          <div
            class="form-field-label"
          >
            <label
              for="message"
            >
              message
              <span
                class="primary"
              >
                *
              </span>
            </label>
          </div>
          <textarea
            aria-label="message"
            class=""
            maxlength="500"
            name="message"
            placeholder="Enter your message"
            rows="10"
          />
          <div
            class="form-field-length-indicator"
          >
            <span
              class=""
            >
              0
            </span>
             
            / 
            <span>
              500
            </span>
          </div>
        </div>
        <button
          class="btn btn-primary"
          type="submit"
        >
          Send email
        </button>
      </form>
    </section>
  </div>
  <div
    class="ReactModalPortal"
  />
</body>
`;
