// Jest Snapshot v1, https://goo.gl/fbAQLP

exports[`FAQ page should render 1`] = `
<body>
  <div>
    <section
      class="section"
      id="faq"
    >
      <h3
        class="headline"
      >
        Frequently Asked Questions
      </h3>
      <div
        class="accordion"
      >
        <li
          class="accordion-item accordion-item-active"
        >
          <div
            class="accordion-item-label"
          >
            <p
              class="accordion-item-label-headline"
            >
              What is current tech stack you are working with
              <span
                class="primary"
              >
                ?
              </span>
            </p>
            <svg>
              arrow-up.svg
            </svg>
          </div>
          <p
            class="accordion-item-text accordion-item-text-open"
          >
            Currently I'm mostly working with React.js on front-end and Spring Boot framework on back-end.
            <br />
            <br />
          </p>
        </li>
        <li
          class="accordion-item "
        >
          <div
            class="accordion-item-label"
          >
            <p
              class="accordion-item-label-headline"
            >
              What did you use to build your website
              <span
                class="primary"
              >
                ?
              </span>
            </p>
            <svg>
              arrow-up.svg
            </svg>
          </div>
          <p
            class="accordion-item-text "
          >
            This website is built with React.js. If you are interested in source code, you can find it here.
            <br />
            <br />
          </p>
        </li>
        <li
          class="accordion-item "
        >
          <div
            class="accordion-item-label"
          >
            <p
              class="accordion-item-label-headline"
            >
              I have a project for you, are you available
              <span
                class="primary"
              >
                ?
              </span>
            </p>
            <svg>
              arrow-up.svg
            </svg>
          </div>
          <p
            class="accordion-item-text "
          >
            At this moment I'm full time employed. I could offer a few hours of my services per week , if this suits you.
            <br />
            <br />
          </p>
        </li>
        <li
          class="accordion-item "
        >
          <div
            class="accordion-item-label"
          >
            <p
              class="accordion-item-label-headline"
            >
              How to pronounce your name correctly
              <span
                class="primary"
              >
                ?
              </span>
            </p>
            <svg>
              arrow-up.svg
            </svg>
          </div>
          <p
            class="accordion-item-text "
          >
            When pronounced correctly my first name sounds something like ra-dee-woh-ye.
            <br />
            <br />
          </p>
        </li>
      </div>
    </section>
  </div>
</body>
`;
