// Jest Snapshot v1, https://goo.gl/fbAQLP

exports[`Home should render 1`] = `
<body>
  <div>
    <div
      class="container"
    >
      <div
        class="top-shadow"
      />
      <div
        class="column-left"
      >
        <div>
          <div
            class="progress-bar"
          >
            <div
              class="progress-bar-pulse"
            />
            <div
              class="progress-bar-percent"
              style="height: 0%;"
            />
          </div>
          <h3
            class="typewriter-headline"
          >
            <div
              class="Typewriter"
              data-testid="typewriter-wrapper"
            >
              <span
                class="Typewriter__wrapper"
              />
              <span
                class="Typewriter__cursor"
              >
                _
              </span>
            </div>
          </h3>
          <h3
            class="title"
          >
            I'm Radivoje Katanic.
          </h3>
          <p
            class="desc"
          >
            I am a full stack developer located in Doboj, Bosnia & Herzegovina. I do what coders do. I like what coders like. In the end of the day, I'm just a regular person who likes doing some sports in free time, watching movies and reading all kinds of articles.
          </p>
        </div>
        <nav
          class="nav"
        >
          <div
            class="nav-menu"
            data-testid="nav-menu"
          >
            <ul
              class="nav-list"
            >
              <li
                class="nav-item"
              >
                <a
                  class="nav-link"
                  href="#about"
                >
                  <div
                    class="number"
                  >
                    01
                  </div>
                  <div
                    class="dash"
                  />
                  <span>
                    About
                  </span>
                </a>
              </li>
              <li
                class="nav-item"
              >
                <a
                  class="nav-link"
                  href="#skills"
                >
                  <div
                    class="number"
                  >
                    02
                  </div>
                  <div
                    class="dash"
                  />
                  <span>
                    Skills
                  </span>
                </a>
              </li>
              <li
                class="nav-item"
              >
                <a
                  class="nav-link"
                  href="#faq"
                >
                  <div
                    class="number"
                  >
                    03
                  </div>
                  <div
                    class="dash"
                  />
                  <span>
                    FAQ
                  </span>
                </a>
              </li>
              <li
                class="nav-item"
              >
                <a
                  class="nav-link"
                  href="#contact"
                >
                  <div
                    class="number"
                  >
                    04
                  </div>
                  <div
                    class="dash"
                  />
                  <span>
                    Contact
                  </span>
                </a>
              </li>
            </ul>
          </div>
          <div
            class="nav-toggle "
            data-testid="nav-toggle"
          >
            <div
              class="nav-toggle-dash"
            />
          </div>
        </nav>
        <div
          class="footer"
        >
          <div
            class="footer-content"
          >
            <img
              alt=""
              class="footer-image"
              src="me1.png"
            />
            <div
              class="footer-links"
            >
              <a
                class="footer-link"
                href="https://www.linkedin.com/in/radivoje-katanic"
              >
                <div
                  class="footer-link-icon"
                >
                  <svg>
                    linkedin.svg
                  </svg>
                </div>
                LinkedIn
              </a>
              <a
                class="footer-link"
                href="https://github.com/k-rade"
              >
                <div
                  class="footer-link-icon"
                >
                  <svg>
                    github.svg
                  </svg>
                </div>
                GitHub
              </a>
            </div>
          </div>
          <div
            class="footer-actions"
          >
            <div
              class="color-switch"
            >
              <div
                class="color-switch-header"
              >
                <svg>
                  pallete.svg
                </svg>
              </div>
            </div>
            <div
              class="night-mode-switch"
              tabindex="0"
            >
              <svg>
                sun.svg
              </svg>
            </div>
          </div>
        </div>
      </div>
      <div
        class="column-right"
      >
        <section
          class="section"
          id="about"
        >
          <h3
            class="headline"
          >
            My personal journey
          </h3>
          <div
            class="about"
          >
            <div
              class="about-item"
            >
              <h3
                class="card-title"
              >
                Experience
              </h3>
              <div
                class="about-item-content"
              >
                <p
                  class="about-item-content-date"
                >
                  08/2019 - present
                </p>
                <div
                  class="about-item-content-wrapper"
                >
                  <p
                    class="about-item-content-headline"
                  >
                    Software Developer
                  </p>
                  <p
                    class="about-item-content-description"
                  >
                    ProductDock
                  </p>
                  <p
                    class="about-item-content-location"
                  >
                    Doboj
                  </p>
                </div>
              </div>
              <div
                class="about-item-content"
              >
                <p
                  class="about-item-content-date"
                >
                  03/2019 - 06/2019
                </p>
                <div
                  class="about-item-content-wrapper"
                >
                  <p
                    class="about-item-content-headline"
                  >
                    Intern
                  </p>
                  <p
                    class="about-item-content-description"
                  >
                    ProductDock Rookie Boot Camp
                  </p>
                  <p
                    class="about-item-content-location"
                  >
                    Doboj
                  </p>
                </div>
              </div>
            </div>
            <div
              class="about-item"
            >
              <h3
                class="card-title"
              >
                Education
              </h3>
              <div
                class="about-item-content"
              >
                <p
                  class="about-item-content-date"
                >
                  09/2015 - 09/2019
                </p>
                <div
                  class="about-item-content-wrapper"
                >
                  <p
                    class="about-item-content-headline"
                  >
                    IT Engineer
                  </p>
                  <p
                    class="about-item-content-description"
                  >
                    Slobomir P University
                  </p>
                  <p
                    class="about-item-content-location"
                  >
                    Doboj
                  </p>
                </div>
              </div>
              <div
                class="about-item-content"
              >
                <p
                  class="about-item-content-date"
                >
                  09/2011 - 05/2015
                </p>
                <div
                  class="about-item-content-wrapper"
                >
                  <p
                    class="about-item-content-headline"
                  >
                    Computer Technician
                  </p>
                  <p
                    class="about-item-content-description"
                  >
                    Electro-tehnical High School
                  </p>
                  <p
                    class="about-item-content-location"
                  >
                    Doboj
                  </p>
                </div>
              </div>
            </div>
          </div>
          <button
            class="btn btn-outline"
            type="button"
          >
            Download CV
          </button>
        </section>
        <section
          class="section"
          id="skills"
        >
          <div
            class="skills"
          >
            <h3
              class="headline"
            >
              Languages 
              <span
                class="primary"
              >
                &
              </span>
               tools i use
            </h3>
            <div
              class="skill-list"
            >
              <div
                class="skill-card"
              >
                <div
                  class="highlight"
                />
                <svg>
                  html.svg
                </svg>
                <p
                  class="skill-card-label"
                >
                  HTML
                </p>
              </div>
              <div
                class="skill-card"
              >
                <div
                  class="highlight"
                />
                <svg>
                  css.svg
                </svg>
                <p
                  class="skill-card-label"
                >
                  CSS
                </p>
              </div>
              <div
                class="skill-card"
              >
                <div
                  class="highlight"
                />
                <svg>
                  javascript.svg
                </svg>
                <p
                  class="skill-card-label"
                >
                  JavaScript
                </p>
              </div>
              <div
                class="skill-card"
              >
                <div
                  class="highlight"
                />
                <svg>
                  java.svg
                </svg>
                <p
                  class="skill-card-label"
                >
                  Java
                </p>
              </div>
              <div
                class="skill-card"
              >
                <div
                  class="highlight"
                />
                <svg>
                  sass.svg
                </svg>
                <p
                  class="skill-card-label"
                >
                  Sass
                </p>
              </div>
              <div
                class="skill-card"
              >
                <div
                  class="highlight"
                />
                <svg>
                  react.svg
                </svg>
                <p
                  class="skill-card-label"
                >
                  React
                </p>
              </div>
              <div
                class="skill-card"
              >
                <div
                  class="highlight"
                />
                <svg>
                  angular.svg
                </svg>
                <p
                  class="skill-card-label"
                >
                  Angular
                </p>
              </div>
              <div
                class="skill-card"
              >
                <div
                  class="highlight"
                />
                <svg>
                  spring-boot.svg
                </svg>
                <p
                  class="skill-card-label"
                >
                  Spring Boot
                </p>
              </div>
              <div
                class="skill-card"
              >
                <div
                  class="highlight"
                />
                <svg>
                  mysql.svg
                </svg>
                <p
                  class="skill-card-label"
                >
                  MySQL
                </p>
              </div>
              <div
                class="skill-card"
              >
                <div
                  class="highlight"
                />
                <svg>
                  mongodb.svg
                </svg>
                <p
                  class="skill-card-label"
                >
                  MongoDB
                </p>
              </div>
              <div
                class="skill-card"
              >
                <div
                  class="highlight"
                />
                <svg>
                  postman.svg
                </svg>
                <p
                  class="skill-card-label"
                >
                  Postman
                </p>
              </div>
              <div
                class="skill-card"
              >
                <div
                  class="highlight"
                />
                <svg>
                  docker.svg
                </svg>
                <p
                  class="skill-card-label"
                >
                  Docker
                </p>
              </div>
              <div
                class="skill-card"
              >
                <div
                  class="highlight"
                />
                <svg>
                  git.svg
                </svg>
                <p
                  class="skill-card-label"
                >
                  Git
                </p>
              </div>
              <div
                class="skill-card"
              >
                <div
                  class="highlight"
                />
                <svg>
                  github.svg
                </svg>
                <p
                  class="skill-card-label"
                >
                  GitHub
                </p>
              </div>
              <div
                class="skill-card"
              >
                <div
                  class="highlight"
                />
                <svg>
                  vs-code.svg
                </svg>
                <p
                  class="skill-card-label"
                >
                  VS Code
                </p>
              </div>
              <div
                class="skill-card"
              >
                <div
                  class="highlight"
                />
                <svg>
                  intellij.svg
                </svg>
                <p
                  class="skill-card-label"
                >
                  IntelliJ
                </p>
              </div>
            </div>
            <h3
              class="headline"
            >
              Services I provide
            </h3>
            <div
              class="service-cards"
            >
              <div
                class="service-card"
              >
                <div
                  class="service-card-content"
                >
                  <h3
                    class="card-title"
                  >
                    Front-End Development
                  </h3>
                  <p
                    class="service-card-content-desc"
                  >
                    Using modern languages and frameworks, I can develop fast and responsive single-page client applications.
                  </p>
                  <div
                    class="service-card-content-badges"
                  >
                    <b
                      class="service-card-content-badge"
                    >
                      HTML
                    </b>
                    <b
                      class="service-card-content-badge"
                    >
                      CSS
                    </b>
                    <b
                      class="service-card-content-badge"
                    >
                      JavaScript
                    </b>
                    <b
                      class="service-card-content-badge"
                    >
                      Sass
                    </b>
                    <b
                      class="service-card-content-badge"
                    >
                      React
                    </b>
                    <b
                      class="service-card-content-badge"
                    >
                      Angular
                    </b>
                  </div>
                </div>
              </div>
              <div
                class="service-card"
              >
                <div
                  class="service-card-content"
                >
                  <h3
                    class="card-title"
                  >
                    Back-End Development
                  </h3>
                  <p
                    class="service-card-content-desc"
                  >
                    I can develop scalable and maintainable server applications in Java, using Spring Boot framework.
                  </p>
                  <div
                    class="service-card-content-badges"
                  >
                    <b
                      class="service-card-content-badge"
                    >
                      Java
                    </b>
                    <b
                      class="service-card-content-badge"
                    >
                      Spring Boot
                    </b>
                    <b
                      class="service-card-content-badge"
                    >
                      MySQL
                    </b>
                    <b
                      class="service-card-content-badge"
                    >
                      MongoDB
                    </b>
                  </div>
                </div>
              </div>
            </div>
          </div>
        </section>
        <section
          class="section"
          id="faq"
        >
          <h3
            class="headline"
          >
            Frequently Asked Questions
          </h3>
          <div
            class="accordion"
          >
            <li
              class="accordion-item accordion-item-active"
            >
              <div
                class="accordion-item-label"
              >
                <p
                  class="accordion-item-label-headline"
                >
                  What is current tech stack you are working with
                  <span
                    class="primary"
                  >
                    ?
                  </span>
                </p>
                <svg>
                  arrow-up.svg
                </svg>
              </div>
              <p
                class="accordion-item-text accordion-item-text-open"
              >
                Currently I'm mostly working with React.js on front-end and Spring Boot framework on back-end.
                <br />
                <br />
              </p>
            </li>
            <li
              class="accordion-item "
            >
              <div
                class="accordion-item-label"
              >
                <p
                  class="accordion-item-label-headline"
                >
                  What did you use to build your website
                  <span
                    class="primary"
                  >
                    ?
                  </span>
                </p>
                <svg>
                  arrow-up.svg
                </svg>
              </div>
              <p
                class="accordion-item-text "
              >
                This website is built with React.js. If you are interested in source code, you can find it here.
                <br />
                <br />
              </p>
            </li>
            <li
              class="accordion-item "
            >
              <div
                class="accordion-item-label"
              >
                <p
                  class="accordion-item-label-headline"
                >
                  I have project for you, are you available
                  <span
                    class="primary"
                  >
                    ?
                  </span>
                </p>
                <svg>
                  arrow-up.svg
                </svg>
              </div>
              <p
                class="accordion-item-text "
              >
                At this moment I'm full time employed. I could offer a few hours of my services per week , if this suits you.
                <br />
                <br />
              </p>
            </li>
            <li
              class="accordion-item "
            >
              <div
                class="accordion-item-label"
              >
                <p
                  class="accordion-item-label-headline"
                >
                  How to pronounce your name correctly
                  <span
                    class="primary"
                  >
                    ?
                  </span>
                </p>
                <svg>
                  arrow-up.svg
                </svg>
              </div>
              <p
                class="accordion-item-text "
              >
                When pronounced correctly my first name sounds something like ra-dee-woh-ye.
                <br />
                <br />
              </p>
            </li>
          </div>
        </section>
        <section
          class="section"
          id="contact"
        >
          <h3
            class="headline"
          >
            Still have a question
            <span
              class="primary"
            >
              ?
            </span>
             Reach me out
          </h3>
          <form
            action="#"
            class="contact-form"
          >
            <div
              class="form-field"
            >
              <div
                class="form-field-label"
              >
                <label
                  for="name"
                >
                  name
                  <span
                    class="primary"
                  >
                    *
                  </span>
                </label>
              </div>
              <input
                aria-label="name"
                name="name"
                placeholder="Enter your name"
                value=""
              />
            </div>
            <div
              class="form-field"
            >
              <div
                class="form-field-label"
              >
                <label
                  for="email"
                >
                  email
                  <span
                    class="primary"
                  >
                    *
                  </span>
                </label>
              </div>
              <input
                aria-label="email"
                name="email"
                placeholder="Enter your email"
                value=""
              />
            </div>
            <div
              class="form-field"
            >
              <div
                class="form-field-label"
              >
                <label
                  for="subject"
                >
                  subject
                  <span
                    class="primary"
                  >
                    *
                  </span>
                </label>
              </div>
              <input
                aria-label="subject"
                name="subject"
                placeholder="Enter your subject"
                value=""
              />
            </div>
            <div
              class="form-field"
            >
              <div
                class="form-field-label"
              >
                <label
                  for="message"
                >
                  message
                  <span
                    class="primary"
                  >
                    *
                  </span>
                </label>
              </div>
              <textarea
                aria-label="message"
                name="message"
                placeholder="Enter your message"
                rows="10"
              />
            </div>
            <button
              class="btn btn-primary"
              type="submit"
            >
              Send email
            </button>
          </form>
        </section>
      </div>
    </div>
  </div>
  <div
    class="ReactModalPortal"
  />
  <div
    class="ReactModalPortal"
  />
</body>
`;
