// Jest Snapshot v1, https://goo.gl/fbAQLP

exports[`Home should render 1`] = `
<body>
  <div>
    <div>
      <div
        class="progress-bar"
      >
        <div
          class="progress-bar-pulse"
        />
        <div
          class="progress-bar-percent"
          style="height: 0%;"
        />
      </div>
      <h3
        class="title"
      >
        Hello, I
        <span
          class="primary"
        >
          '
        </span>
        m
        <br />
         Radivoje
         
        <span
          class="last-name"
        >
          Katanic.
          <span
            class="apostrophe primary"
          >
            '
          </span>
           
        </span>
      </h3>
      <h3
        class="typewriter-headline"
      >
        <div
          class="Typewriter"
          data-testid="typewriter-wrapper"
        >
          <span
            class="Typewriter__wrapper"
          />
          <span
            class="Typewriter__cursor"
          >
            _
          </span>
        </div>
      </h3>
      <p
        class="desc"
      >
        I am a full stack developer located in Doboj, Bosnia & Herzegovina. Currently I'm crafting software products at
         
        <a
          class="home-link"
          href="https://productdock.com/"
          rel="noopener noreferrer"
          target="_blank"
        >
          ProductDock
        </a>
        .
        <br />
        I do what coders do. I like what coders like. In the end of the day, I'm just a regular person who likes doing some sports in free time, watching movies and reading all kinds of articles.
      </p>
    </div>
    <nav
      class="nav"
    >
      <div
        class="nav-menu"
        data-testid="nav-menu"
      >
        <ul
          class="nav-list"
        >
          <li
            class="nav-item"
          >
            <a
              class="nav-link"
              href="#about"
            >
              <div
                class="number"
              >
                01
              </div>
              <div
                class="dash"
              />
              <span>
                About
              </span>
            </a>
          </li>
          <li
            class="nav-item"
          >
            <a
              class="nav-link"
              href="#skills"
            >
              <div
                class="number"
              >
                02
              </div>
              <div
                class="dash"
              />
              <span>
                Skills
              </span>
            </a>
          </li>
          <li
            class="nav-item"
          >
            <a
              class="nav-link"
              href="#faq"
            >
              <div
                class="number"
              >
                03
              </div>
              <div
                class="dash"
              />
              <span>
                FAQ
              </span>
            </a>
          </li>
          <li
            class="nav-item"
          >
            <a
              class="nav-link"
              href="#contact"
            >
              <div
                class="number"
              >
                04
              </div>
              <div
                class="dash"
              />
              <span>
                Contact
              </span>
            </a>
          </li>
        </ul>
      </div>
      <div
        class="nav-toggle"
        data-testid="nav-toggle"
      >
        <div
          class="nav-toggle-dash"
        />
      </div>
    </nav>
    <div
      class="footer"
    >
      <div
        class="footer-content"
      >
        <img
          alt=""
          class="footer-image"
          src="me1.png"
        />
        <div
          class="footer-links"
        >
          <a
            class="footer-link"
            href="https://www.linkedin.com/in/radivoje-katanic"
            rel="noopener noreferrer"
            target="_blank"
          >
            <div
              class="footer-link-icon"
            >
              <svg>
                linkedin.svg
              </svg>
            </div>
            LinkedIn
          </a>
          <a
            class="footer-link"
            href="https://github.com/k-rade"
            rel="noopener noreferrer"
            target="_blank"
          >
            <div
              class="footer-link-icon"
            >
              <svg>
                github.svg
              </svg>
            </div>
            GitHub
          </a>
        </div>
      </div>
      <div
        class="footer-actions"
      >
        <div
          class="color-switch"
        >
          <div
            class="color-switch-header"
          >
            <svg>
              pallete.svg
            </svg>
          </div>
        </div>
        <div
          class="night-mode-switch"
        >
          <svg>
            sun.svg
          </svg>
        </div>
      </div>
    </div>
  </div>
  <div
    class="ReactModalPortal"
  />
</body>
`;
