// Jest Snapshot v1, https://goo.gl/fbAQLP

exports[`Skills should render 1`] = `
<body>
  <div>
    <section
      class="section"
      id="skills"
    >
      <div
        class="skills"
      >
        <h3
          class="headline"
        >
          Languages 
          <span
            class="primary"
          >
            &
          </span>
           tools i use
        </h3>
        <div
          class="skill-list"
        >
          <div
            class="skill-card"
          >
            <div
              class="highlight"
            />
            <svg>
              html.svg
            </svg>
            <p
              class="skill-card-label"
            >
              HTML
            </p>
          </div>
          <div
            class="skill-card"
          >
            <div
              class="highlight"
            />
            <svg>
              css.svg
            </svg>
            <p
              class="skill-card-label"
            >
              CSS
            </p>
          </div>
          <div
            class="skill-card"
          >
            <div
              class="highlight"
            />
            <svg>
              javascript.svg
            </svg>
            <p
              class="skill-card-label"
            >
              JavaScript
            </p>
          </div>
          <div
            class="skill-card"
          >
            <div
              class="highlight"
            />
            <svg>
              java.svg
            </svg>
            <p
              class="skill-card-label"
            >
              Java
            </p>
          </div>
          <div
            class="skill-card"
          >
            <div
              class="highlight"
            />
            <svg>
              sass.svg
            </svg>
            <p
              class="skill-card-label"
            >
              Sass
            </p>
          </div>
          <div
            class="skill-card"
          >
            <div
              class="highlight"
            />
            <svg>
              react.svg
            </svg>
            <p
              class="skill-card-label"
            >
              React
            </p>
          </div>
          <div
            class="skill-card"
          >
            <div
              class="highlight"
            />
            <svg>
              angular.svg
            </svg>
            <p
              class="skill-card-label"
            >
              Angular
            </p>
          </div>
          <div
            class="skill-card"
          >
            <div
              class="highlight"
            />
            <svg>
              spring-boot.svg
            </svg>
            <p
              class="skill-card-label"
            >
              Spring Boot
            </p>
          </div>
          <div
            class="skill-card"
          >
            <div
              class="highlight"
            />
            <svg>
              mysql.svg
            </svg>
            <p
              class="skill-card-label"
            >
              MySQL
            </p>
          </div>
          <div
            class="skill-card"
          >
            <div
              class="highlight"
            />
            <svg>
              mongodb.svg
            </svg>
            <p
              class="skill-card-label"
            >
              MongoDB
            </p>
          </div>
          <div
            class="skill-card"
          >
            <div
              class="highlight"
            />
            <svg>
              postman.svg
            </svg>
            <p
              class="skill-card-label"
            >
              Postman
            </p>
          </div>
          <div
            class="skill-card"
          >
            <div
              class="highlight"
            />
            <svg>
              docker.svg
            </svg>
            <p
              class="skill-card-label"
            >
              Docker
            </p>
          </div>
          <div
            class="skill-card"
          >
            <div
              class="highlight"
            />
            <svg>
              git.svg
            </svg>
            <p
              class="skill-card-label"
            >
              Git
            </p>
          </div>
          <div
            class="skill-card"
          >
            <div
              class="highlight"
            />
            <svg>
              github.svg
            </svg>
            <p
              class="skill-card-label"
            >
              GitHub
            </p>
          </div>
          <div
            class="skill-card"
          >
            <div
              class="highlight"
            />
            <svg>
              vs-code.svg
            </svg>
            <p
              class="skill-card-label"
            >
              VS Code
            </p>
          </div>
          <div
            class="skill-card"
          >
            <div
              class="highlight"
            />
            <svg>
              intellij.svg
            </svg>
            <p
              class="skill-card-label"
            >
              IntelliJ
            </p>
          </div>
        </div>
        <h3
          class="headline"
        >
          Services I provide
        </h3>
        <div
          class="service-cards"
        >
          <div
            class="service-card"
          >
            <div
              class="service-card-content"
            >
              <h3
                class="card-title"
              >
                Front-End Development
              </h3>
              <p
                class="service-card-content-desc"
              >
                Using modern languages and frameworks, I can develop fast and responsive single-page client applications.
              </p>
              <div
                class="service-card-content-badges"
              >
                <b
                  class="service-card-content-badge"
                >
                  HTML
                </b>
                <b
                  class="service-card-content-badge"
                >
                  CSS
                </b>
                <b
                  class="service-card-content-badge"
                >
                  JavaScript
                </b>
                <b
                  class="service-card-content-badge"
                >
                  Sass
                </b>
                <b
                  class="service-card-content-badge"
                >
                  React
                </b>
                <b
                  class="service-card-content-badge"
                >
                  Angular
                </b>
              </div>
            </div>
          </div>
          <div
            class="service-card"
          >
            <div
              class="service-card-content"
            >
              <h3
                class="card-title"
              >
                Back-End Development
              </h3>
              <p
                class="service-card-content-desc"
              >
                I can develop scalable and maintainable server applications in Java, using Spring Boot framework.
              </p>
              <div
                class="service-card-content-badges"
              >
                <b
                  class="service-card-content-badge"
                >
                  Java
                </b>
                <b
                  class="service-card-content-badge"
                >
                  Spring Boot
                </b>
                <b
                  class="service-card-content-badge"
                >
                  MySQL
                </b>
                <b
                  class="service-card-content-badge"
                >
                  MongoDB
                </b>
              </div>
            </div>
          </div>
        </div>
      </div>
    </section>
  </div>
</body>
`;
