// Jest Snapshot v1, https://goo.gl/fbAQLP

exports[`Footer should render 1`] = `
<body>
  <div>
    <div
      class="footer"
    >
      <div
        class="footer-content"
      >
        <img
          alt=""
          class="footer-image"
          src="me1.png"
        />
        <div
          class="footer-links"
        >
          <a
            class="link"
            href="https://www.linkedin.com/in/radivoje-katanic"
            rel="noopener noreferrer"
            target="_blank"
          >
            <div
              class="link-icon"
            >
              <button
                class="icon-button"
                type="button"
              >
                <svg>
                  linkedin.svg
                </svg>
              </button>
            </div>
            <span
              class="link-label"
            >
              LinkedIn
            </span>
          </a>
          <a
            class="link"
            href="https://github.com/k-rade"
            rel="noopener noreferrer"
            target="_blank"
          >
            <div
              class="link-icon"
            >
              <button
                class="icon-button"
                type="button"
              >
                <svg>
                  github.svg
                </svg>
              </button>
            </div>
            <span
              class="link-label"
            >
              GitHub
            </span>
          </a>
        </div>
      </div>
      <div
        class="footer-settings"
      >
        <div
          class="settings"
        >
          <button
            class="icon-button"
            type="button"
          >
            <svg>
              paint-brush.svg
            </svg>
          </button>
          <button
            class="icon-button"
            type="button"
          >
            <svg>
              sun.svg
            </svg>
          </button>
          <button
            class="icon-button"
            type="button"
          >
            <svg>
              corner-curved.svg
            </svg>
          </button>
          <button
            class="icon-button"
            id="row-swap-icon"
            type="button"
          >
            <svg>
              row-swap.svg
            </svg>
          </button>
        </div>
      </div>
    </div>
  </div>
  <div
    class="ReactModalPortal"
  />
</body>
`;
