// Jest Snapshot v1, https://goo.gl/fbAQLP

exports[`Footer should render 1`] = `
<body>
  <div>
    <div
      class="footer"
    >
      <div
        class="footer-content"
      >
        <img
          alt=""
          class="footer-image"
          src="me1.png"
        />
        <div
          class="footer-links"
        >
          <a
            class="link"
            href="https://www.linkedin.com/in/radivoje-katanic"
            rel="noopener noreferrer"
            target="_blank"
          >
            <div
              class="link-icon"
            >
              <div
                class="footer-link-icon"
              >
                <svg>
                  linkedin.svg
                </svg>
              </div>
            </div>
            <span
              class="link-label"
            >
              LinkedIn
            </span>
          </a>
          <a
            class="link"
            href="https://github.com/k-rade"
            rel="noopener noreferrer"
            target="_blank"
          >
            <div
              class="link-icon"
            >
              <div
                class="footer-link-icon"
              >
                <svg>
                  github.svg
                </svg>
              </div>
            </div>
            <span
              class="link-label"
            >
              GitHub
            </span>
          </a>
        </div>
      </div>
      <div
        class="footer-actions"
      >
        <div
          class="footer-link-icon"
        >
          <svg>
            paint-brush.svg
          </svg>
        </div>
        <div
          class="footer-link-icon"
        >
          <svg>
            sun.svg
          </svg>
        </div>
        <div
          class="footer-link-icon"
        >
          <svg>
            corner-curved.svg
          </svg>
        </div>
        <div
          class="footer-link-icon"
          id="row-swap-icon"
        >
          <svg>
            row-swap.svg
          </svg>
        </div>
      </div>
    </div>
  </div>
  <div
    class="ReactModalPortal"
  />
</body>
`;
